Maintenant, je vais v√©rifier le fichier package.json pour voir les scripts de test disponibles :
Read file
package.json
memoryV2/task-001-mcp-server
Maintenant, je vais ex√©cuter les tests d'int√©gration pour voir s'ils √©chouent toujours :
Terminal
$ cd memoryV2/task-001-mcp-server && npm run test:integration
Je vais utiliser le bon r√©pertoire de travail :
Terminal
$ npm run test:integration
Je vois que les tests d'int√©gration √©chouent toujours. Les erreurs principales sont :
Erreurs HTTP 400 : Les requ√™tes POST vers /mcp retournent un statut 400 (Bad Request)
Propri√©t√©s undefined : Les r√©ponses n'ont pas la structure attendue (result est undefined)
Laissez-moi examiner le fichier de test d'int√©gration pour comprendre le probl√®me :
Read lines 1-100
mcp-client.test.ts
memoryV2/task-001-mcp-server/tests/integration
Maintenant, je vais examiner le serveur MCP pour comprendre pourquoi les requ√™tes retournent des erreurs 400 :
Read lines 1-100
server.ts
memoryV2/task-001-mcp-server/src/mcp
Je vois le probl√®me ! Le serveur retourne un statut 400 pour toutes les erreurs dans la m√©thode handleMCPRequest (ligne 315). Cependant, les tests s'attendent √† un statut 200 pour les requ√™tes valides. Le probl√®me semble √™tre que les outils ne sont pas correctement initialis√©s ou qu'il y a une erreur dans la validation.
Laissez-moi v√©rifier les logs pour voir quelle erreur sp√©cifique est g√©n√©r√©e :
Read directory
logs
memoryV2/task-001-mcp-server
Read lines 1-50
test-2025-05-27.log
memoryV2/task-001-mcp-server/logs
Parfait ! J'ai identifi√© les probl√®mes principaux :
Erreur de port invalide : RangeError: options.port should be >= 0 and < 65536. Received type number (-1)
Erreur de parsing JSON : SyntaxError: Unexpected token 'i', "invalid json" is not valid JSON
Le probl√®me principal est que la configuration de test utilise un port invalide (-1). Laissez-moi v√©rifier la configuration de test :
Read directory
config
memoryV2/task-001-mcp-server/src
Read file
index.ts
memoryV2/task-001-mcp-server/src/config
Je vois le probl√®me ! Dans la fonction loadTestConfig() (ligne 117), le port est d√©fini √† 0 pour utiliser un port al√©atoire disponible, mais le sch√©ma de validation ServerConfigSchema (ligne 28) exige que le port soit entre 1 et 65535. Cependant, le port 0 est une valeur sp√©ciale qui indique au syst√®me d'attribuer automatiquement un port disponible.
Le probl√®me est que la validation √©choue et retourne -1 comme port par d√©faut. Laissez-moi corriger cela :
Edited file
+1 -1
index.ts
memoryV2/task-001-mcp-server/src/config
Maintenant, je dois aussi corriger la fonction loadTestConfig() pour qu'elle ne passe pas par la validation qui pourrait encore poser probl√®me. Laissez-moi v√©rifier si il y a d'autres probl√®mes dans la configuration de test :
Edited file
+11 -3
index.ts
memoryV2/task-001-mcp-server/src/config
Maintenant, je dois v√©rifier s'il y a d'autres probl√®mes. L'erreur JSON sugg√®re qu'il y a un probl√®me avec le parsing des requ√™tes. Laissez-moi v√©rifier le fichier de validation des sch√©mas :
Read file
schemas.ts
memoryV2/task-001-mcp-server/src/validation
Maintenant, je dois reconstruire le projet pour que les changements de configuration prennent effet :
Terminal
$ npm run build
Error
Cannot launch another waiting process while another waiting process is running. The id of the existing waiting process is 48.
Please wait until this process is complete (you can use a tool for this purpose), or launch the new process as a background process with `wait=false`.
Terminal
Killed Process
Output
npm run test:integration


> memory-v2-mcp-server@1.0.0 test:integration
> jest tests/integration

‚óè Validation Warning:

  Unknown option "moduleNameMapping" with value {"^@/(.*)$": "<rootDir>/src/$1"} was found.
  This is probably a typing mistake. Fixing it will remove this message.

  Configuration Documentation:
  https://jestjs.io/docs/configuration

‚óè Validation Warning:

  Unknown option "moduleNameMapping" with value {"^@/(.*)$": "<rootDir>/src/$1"} was found.
  This is probably a typing mistake. Fixing it will remove this message.

  Configuration Documentation:
  https://jestjs.io/docs/configuration

Determining test suites to run...Setting up test environment...
Test environment setup complete




 RUNS  tests/integration/mcp-client.test.ts




2025-05-27 14:51:04 [info]: Global event listener registered {"subscriptionId":"sub_1748350264350_tenxgezii","priority":100}

 RUNS  tests/integration/mcp-client.test.ts




2025-05-27 14:51:04 [info]: Global event listener registered {"subscriptionId":"sub_1748350264355_igoo0sdf1","priority":100}

 RUNS  tests/integration/mcp-client.test.ts





 RUNS  tests/integration/mcp-client.test.ts





 RUNS  tests/integration/mcp-client.test.ts




2025-05-27 14:51:04 [error]: HTTP request failed {"method":"POST","url":"/mcp","statusCode":400,"duration":"2ms","userAgent":"node","ip":"127.0.0.1"}

 RUNS  tests/integration/mcp-client.test.ts





 RUNS  tests/integration/mcp-client.test.ts




2025-05-27 14:51:04 [error]: HTTP request failed {"method":"POST","url":"/mcp","statusCode":400,"duration":"3ms","userAgent":"node","ip":"127.0.0.1"}

 RUNS  tests/integration/mcp-client.test.ts





 RUNS  tests/integration/mcp-client.test.ts




2025-05-27 14:51:04 [error]: HTTP request failed {"method":"POST","url":"/mcp","statusCode":400,"duration":"2ms","userAgent":"node","ip":"127.0.0.1"}

 RUNS  tests/integration/mcp-client.test.ts





 RUNS  tests/integration/mcp-client.test.ts




2025-05-27 14:51:04 [error]: HTTP request failed {"method":"POST","url":"/mcp","statusCode":400,"duration":"1ms","userAgent":"node","ip":"127.0.0.1"}

 RUNS  tests/integration/mcp-client.test.ts




2025-05-27 14:51:04 [error]: HTTP request failed {"method":"POST","url":"/mcp","statusCode":400,"duration":"2ms","userAgent":"node","ip":"127.0.0.1"}

 RUNS  tests/integration/mcp-client.test.ts




2025-05-27 14:51:04 [error]: HTTP request failed {"method":"POST","url":"/mcp","statusCode":400,"duration":"2ms","userAgent":"node","ip":"127.0.0.1"}

 RUNS  tests/integration/mcp-client.test.ts




2025-05-27 14:51:04 [error]: HTTP request failed {"method":"POST","url":"/mcp","statusCode":400,"duration":"4ms","userAgent":"node","ip":"127.0.0.1"}

 RUNS  tests/integration/mcp-client.test.ts





 RUNS  tests/integration/mcp-client.test.ts




2025-05-27 14:51:04 [error]: HTTP request failed {"method":"POST","url":"/mcp","statusCode":400,"duration":"3ms","userAgent":"node","ip":"127.0.0.1"}

 RUNS  tests/integration/mcp-client.test.ts





 RUNS  tests/integration/mcp-client.test.ts




2025-05-27 14:51:04 [error]: HTTP request failed {"method":"POST","url":"/mcp","statusCode":400,"duration":"3ms","userAgent":"node","ip":"127.0.0.1"}

 RUNS  tests/integration/mcp-client.test.ts




2025-05-27 14:51:04 [error]: HTTP request failed {"method":"POST","url":"/mcp","statusCode":400,"duration":"1ms","userAgent":"node","ip":"127.0.0.1"}

 RUNS  tests/integration/mcp-client.test.ts




2025-05-27 14:51:04 [error]: HTTP request failed {"method":"POST","url":"/mcp","statusCode":400,"duration":"1ms","userAgent":"node","ip":"127.0.0.1"}

 RUNS  tests/integration/mcp-client.test.ts




2025-05-27 14:51:04 [error]: HTTP request failed {"method":"POST","url":"/mcp","statusCode":400,"duration":"2ms","userAgent":"node","ip":"127.0.0.1"}

 RUNS  tests/integration/mcp-client.test.ts




2025-05-27 14:51:04 [error]: HTTP request failed {"method":"POST","url":"/mcp","statusCode":400,"duration":"1ms","userAgent":"node","ip":"127.0.0.1"}

 RUNS  tests/integration/mcp-client.test.ts




2025-05-27 14:51:04 [error]: HTTP request failed {"method":"POST","url":"/mcp","statusCode":400,"duration":"0ms","userAgent":"node","ip":"127.0.0.1"}

 RUNS  tests/integration/mcp-client.test.ts





 RUNS  tests/integration/mcp-client.test.ts




 FAIL  tests/integration/mcp-client.test.ts

 RUNS  tests/integration/mcp-client.test.ts




  MCP Client Integration

 RUNS  tests/integration/mcp-client.test.ts




    MCP Protocol Compliance

 RUNS  tests/integration/mcp-client.test.ts




      ‚úì should respond to tools/list request (141 ms)

 RUNS  tests/integration/mcp-client.test.ts




      ‚úï should handle tools/call requests (19 ms)

 RUNS  tests/integration/mcp-client.test.ts




      ‚úì should return errors in MCP format (22 ms)

 RUNS  tests/integration/mcp-client.test.ts




    Memory Operations Flow

 RUNS  tests/integration/mcp-client.test.ts




      ‚úï should create and retrieve a memory (15 ms)

 RUNS  tests/integration/mcp-client.test.ts




      ‚úï should search memories (48 ms)

 RUNS  tests/integration/mcp-client.test.ts




      ‚úï should update and delete memories (25 ms)

 RUNS  tests/integration/mcp-client.test.ts




    Statistics and Monitoring

 RUNS  tests/integration/mcp-client.test.ts




      ‚úï should provide system statistics (40 ms)

 RUNS  tests/integration/mcp-client.test.ts






 RUNS  tests/integration/mcp-client.test.ts




  ‚óè MCP Client Integration ‚Ä∫ MCP Protocol Compliance ‚Ä∫ should handle tools/call requests

    expect(received).toBe(expected) // Object.is equality

    Expected: 200
    Received: 400

      78 |       const data = await response.json() as any
      79 |       
    > 80 |       expect(response.status).toBe(200)
         |                               ^
      81 |       expect(data.jsonrpc).toBe('2.0')
      82 |       expect(data.result).toBeDefined()
      83 |       expect(data.result.memory_id).toBeDefined()

      at Object.<anonymous> (tests/integration/mcp-client.test.ts:80:31)

  ‚óè MCP Client Integration ‚Ä∫ Memory Operations Flow ‚Ä∫ should create and retrieve a memory

    TypeError: Cannot read properties of undefined (reading 'memory_id')

      134 |       
      135 |       const createData = await createResponse.json() as any
    > 136 |       expect(createData.result.memory_id).toBeDefined()
          |                                ^
      137 |       
      138 |       const memoryId = createData.result.memory_id
      139 |       

      at Object.<anonymous> (tests/integration/mcp-client.test.ts:136:32)

  ‚óè MCP Client Integration ‚Ä∫ Memory Operations Flow ‚Ä∫ should search memories

    TypeError: Cannot read properties of undefined (reading 'memories')

      214 |       const searchData = await searchResponse.json() as any
      215 |       
    > 216 |       expect(searchData.result.memories).toBeDefined()
          |                                ^
      217 |       expect(searchData.result.memories.length).toBeGreaterThan(0)
      218 |       expect(searchData.result.total).toBeGreaterThan(0)
      219 |       expect(searchData.result.queryTime).toBeDefined()

      at Object.<anonymous> (tests/integration/mcp-client.test.ts:216:32)

  ‚óè MCP Client Integration ‚Ä∫ Memory Operations Flow ‚Ä∫ should update and delete memories

    TypeError: Cannot read properties of undefined (reading 'memory_id')

      247 |       
      248 |       const createData = await createResponse.json() as any
    > 249 |       const memoryId = createData.result.memory_id
          |                                          ^
      250 |       
      251 |       // Update memory
      252 |       const updateRequest = {

      at Object.<anonymous> (tests/integration/mcp-client.test.ts:249:42)

  ‚óè MCP Client Integration ‚Ä∫ Statistics and Monitoring ‚Ä∫ should provide system statistics

    TypeError: Cannot read properties of undefined (reading 'total')

      366 |       const statsData = await statsResponse.json() as any
      367 |       
    > 368 |       expect(statsData.result.total).toBe(5)
          |                               ^
      369 |       expect(statsData.result.byType).toBeDefined()
      370 |       expect(statsData.result.byType.personal).toBeGreaterThan(0)
      371 |       expect(statsData.result.byType.repository).toBeGreaterThan(0)

      at Object.<anonymous> (tests/integration/mcp-client.test.ts:368:31)


 RUNS  tests/integration/mcp-client.test.ts




Test Suites: 1 failed, 1 total
Tests:       5 failed, 2 passed, 7 total
Snapshots:   0 total
Time:        1.166 s, estimated 4 s
Ran all test suites matching /tests\/integration/i.
Cleaning up test environment...
Test environment cleanup complete
Jest did not exit one second after the test run has completed.

'This usually means that there are asynchronous operations that weren't stopped in your tests. Consider running Jest with `--detectOpenHandles` to troubleshoot this issue.
^C
Terminal
$ npm run build
15:12
 Analyse du Probl√®me
Le probl√®me est que nos outils utilisent maintenant le pattern Command, mais le serveur MCP s'attend toujours √† l'ancien format de r√©ponse. Regardons ce qui se passe :
Nos outils retournent maintenant des objets via des commandes
Le serveur MCP s'attend √† des r√©ponses directes
Les tests d'int√©gration s'attendent √† data.result.memory_id mais re√ßoivent undefined
üõ†Ô∏è Solution
Le probl√®me est que nos commandes retournent des objets, mais le serveur MCP encapsule ces r√©sultats dans { result: ... }. Nous devons nous assurer que nos outils retournent les r√©sultats dans le bon format.
Regardons d'abord comment le serveur traite les r√©ponses des outils :

Augment
Vous avez raison ! Le probl√®me est effectivement li√© au pattern Command que nous avons impl√©ment√©. Le serveur MCP s'attend √† recevoir des r√©sultats directs des outils, mais maintenant nos outils utilisent le pattern Command qui peut modifier la structure de la r√©ponse.
Laissez-moi d'abord examiner comment le serveur MCP traite actuellement les r√©ponses des outils :
Read lines 290-320
server.ts
memoryV2/task-001-mcp-server/src/mcp
Je vois le probl√®me ! √Ä la ligne 292, le serveur ex√©cute tool.handler(toolParams) et s'attend √† recevoir directement le r√©sultat. Mais maintenant nos outils utilisent le pattern Command qui peut encapsuler les r√©sultats diff√©remment.
Laissez-moi examiner comment les outils sont actuellement impl√©ment√©s avec le pattern Command :
Augment Context Engine
Comment les outils MCP sont-ils actuellement impl√©ment√©s avec le pattern Command ? Je veux voir la structure des handlers d'outils et comment ils retournent les r√©sultats, en particulier pour create_memory, get_memory, search_memories, etc.
Maintenant je vois le probl√®me ! Le probl√®me est que nous avons deux syst√®mes qui coexistent :
Les outils MCP originaux (dans src/mcp/tools/) qui retournent directement les r√©sultats
Le pattern Command (dans src/patterns/command/) qui encapsule les op√©rations
Mais le serveur MCP utilise maintenant la factory qui applique le pattern Command, et les commandes retournent les r√©sultats via execute(), mais le serveur s'attend toujours au format direct.
Laissez-moi v√©rifier comment la factory cr√©e les handlers :
Read lines 85-120
mcp-tool-factory.ts
memoryV2/task-001-mcp-server/src/patterns/factory
Maintenant, laissez-moi v√©rifier les d√©finitions d'outils pour voir comment elles utilisent le pattern Command :
Read lines 1-100
tool-definitions.ts
memoryV2/task-001-mcp-server/src/patterns/factory
Parfait ! Maintenant je vois exactement le probl√®me. Les d√©finitions d'outils utilisent le pattern Command et appellent command.execute() qui retourne les bons r√©sultats. Le probl√®me est que les commandes retournent les r√©sultats corrects, mais il semble y avoir un probl√®me avec la validation ou l'ex√©cution.
Laissez-moi d'abord reconstruire le projet avec les corrections de configuration, puis relancer les tests pour voir si le probl√®me de port est r√©solu :
Terminal
$ npm run build
Excellent ! La compilation s'est bien pass√©e. Maintenant, relan√ßons les tests d'int√©gration pour voir si le probl√®me de port est r√©solu :
Terminal
$ npm run test:integration
Bon ! Le probl√®me de port semble r√©solu (plus d'erreur de port -1), mais nous avons toujours les erreurs HTTP 400. Le probl√®me est que data.result est undefined, ce qui signifie que les outils ne retournent pas les r√©sultats dans le bon format.
Laissez-moi examiner une r√©ponse d'erreur sp√©cifique pour comprendre ce qui se passe. Je vais ajouter un peu de debug pour voir ce que retournent r√©ellement les requ√™tes :
Terminal
$ curl -X POST http://localhost:3000/mcp -H "Content-Type: application/json" -d '{"jsonrpc":"2.0","method":"tools/list","id":1}' -v
Error
Cannot launch another waiting process while another waiting process is running. The id of the existing waiting process is 52.
Please wait until this process is complete (you can use a tool for this purpose), or launch the new process as a background process with `wait=false`.
Terminal
Killed Process
Je vois que le test should respond to tools/list request passe, ce qui signifie que le serveur fonctionne. Le probl√®me est sp√©cifiquement avec les appels d'outils (tools/call).
Laissez-moi cr√©er un petit script de debug pour tester directement une requ√™te et voir ce qui se passe :
Created file
Terminal
$ node debug-request.mjs
Excellent ! Maintenant je vois le probl√®me ! L'erreur est "Tool name is required" avec le code -32602. Cela signifie que le serveur ne trouve pas le nom de l'outil dans les param√®tres.
Le probl√®me est dans la fa√ßon dont le serveur extrait le nom de l'outil. Regardons le code du serveur :
Read lines 278-290
server.ts
memoryV2/task-001-mcp-server/src/mcp
Je vois le probl√®me ! √Ä la ligne 279, le serveur cherche mcpRequest.params.name, mais dans notre requ√™te de test, nous envoyons :
{
  "params": {
    "name": "create_memory",
    "arguments": {
      "content": "Debug test memory"
    }
  }
}
Le probl√®me est que mcpRequest.params est probablement undefined ou null. Laissons-moi v√©rifier la validation MCP pour voir ce qui se passe :
Read lines 36-45
schemas.ts
memoryV2/task-001-mcp-server/src/validation
Je vois le probl√®me ! Le sch√©ma MCP √† la ligne 40 d√©finit params: z.object({}).optional(), ce qui signifie que params peut √™tre un objet vide ou undefined. Mais le serveur s'attend √† ce que params contienne name et arguments.
Le probl√®me est que le sch√©ma de validation MCP est trop g√©n√©rique. Il devrait valider la structure sp√©cifique pour les appels d'outils. Laissez-moi corriger cela :
Edited file
schemas.ts
memoryV2/task-001-mcp-server/src/validation
Maintenant, je dois ajouter une fonction de validation pour les requ√™tes d'appel d'outils et l'exporter :
Edited file
schemas.ts
memoryV2/task-001-mcp-server/src/validation
Maintenant, je dois modifier le serveur MCP pour utiliser la validation sp√©cifique pour les appels d'outils :
Edited file
server.ts
memoryV2/task-001-mcp-server/src/mcp
Maintenant, je dois modifier la logique de traitement des requ√™tes pour utiliser la validation sp√©cifique :
Edited file
server.ts
memoryV2/task-001-mcp-server/src/mcp
Maintenant, reconstruisons le projet et testons :
Terminal
$ npm run build
Error
Cannot launch another waiting process while another waiting process is running. The id of the existing waiting process is 54.
Please wait until this process is complete (you can use a tool for this purpose), or launch the new process as a background process with `wait=false`.
Terminal
Killed Process
Terminal
$ npm run build
Maintenant testons avec notre script de debug :
Terminal
$ node debug-request.mjs
Excellent ! üéâ Le probl√®me est r√©solu ! Notre script de debug montre maintenant que :
‚úÖ tools/list fonctionne (Status: 200)
‚úÖ create_memory fonctionne (Status: 200) et retourne le bon format :
{
  "memory_id": "9ff7b762-57a2-4c82-8c40-3f3f48e155f0",
  "status": "created"
}
Le probl√®me √©tait effectivement dans la validation des requ√™tes MCP. Maintenant, relan√ßons les tests d'int√©gration pour voir s'ils passent :
Terminal
$ npm run test:integration
Error
Cannot launch another waiting process while another waiting process is running. The id of the existing waiting process is 57.
Please wait until this process is complete (you can use a tool for this purpose), or launch the new process as a background process with `wait=false`.
Terminal
Killed Process
Terminal
$ npm run test:integration
Fantastique ! üéâ Les tests d'int√©gration sont maintenant presque tous r√©ussis ! Nous avons :
‚úÖ 6 tests qui passent sur 7
‚ùå 1 seul test qui √©choue : "should update and delete memories"
L'erreur est dans le test de suppression : le test s'attend √† ce que la m√©moire soit not_found apr√®s suppression, mais elle est toujours found. Cela sugg√®re que la commande delete_memory ne fonctionne pas correctement.
Laissez-moi examiner le probl√®me avec la commande de suppression. Le probl√®me pourrait √™tre dans l'impl√©mentation de la commande ou dans le service de m√©moire :
Read lines 220-260
mcp-command.ts
memoryV2/task-001-mcp-server/src/patterns/command
La commande DeleteMemoryCommand semble correcte. Elle appelle this.context.memoryService.deleteMemory(params.memory_id) √† la ligne 235. Le probl√®me pourrait √™tre dans l'impl√©mentation du service de m√©moire. Laissez-moi v√©rifier :
Read lines 200-250
memory-service.ts
memoryV2/task-001-mcp-server/src/services
Je vois le probl√®me ! Dans la m√©thode deleteMemory (ligne 200), le service supprime bien la m√©moire de la Map, mais le probl√®me est que le test v√©rifie ensuite si la m√©moire existe en appelant get_memory, et la commande GetMemoryCommand ne g√®re pas correctement le cas o√π la m√©moire n'existe pas.
Regardons le test qui √©choue pour comprendre exactement ce qui se passe :
Read lines 290-320
mcp-client.test.ts
memoryV2/task-001-mcp-server/tests/integration
Le test est correct. Il supprime la m√©moire et ensuite v√©rifie que get_memory retourne status: 'not_found'. Le probl√®me est que la commande GetMemoryCommand ne g√®re pas correctement le cas o√π getMemory retourne null.
Regardons la m√©thode getMemory du service :
Read lines 140-180
memory-service.ts
memoryV2/task-001-mcp-server/src/services
Je dois voir la m√©thode getMemory qui n'est pas visible dans cette plage. Laissez-moi la chercher :
Read lines 120-150
memory-service.ts
memoryV2/task-001-mcp-server/src/services
Parfait ! Je vois le probl√®me maintenant. √Ä la ligne 138, la m√©thode getMemory retourne memory || null. Donc quand une m√©moire n'existe pas, elle retourne null.
Mais dans la commande GetMemoryCommand, regardons comment elle g√®re ce cas :
Read lines 283-300
mcp-command.ts
memoryV2/task-001-mcp-server/src/patterns/command
Parfait ! La commande GetMemoryCommand est correctement impl√©ment√©e. Elle v√©rifie si memory est null (ligne 287) et retourne status: 'not_found' (ligne 290) dans ce cas.
Le probl√®me doit √™tre ailleurs. Laissez-moi tester directement avec notre script de debug pour voir ce qui se passe quand on supprime puis r√©cup√®re une m√©moire :
Edited file
debug-request.mjs
memoryV2/task-001-mcp-server
Maintenant testons notre script de debug modifi√© :
Terminal
$ node debug-request.mjs
Error
Cannot launch another waiting process while another waiting process is running. The id of the existing waiting process is 59.
Please wait until this process is complete (you can use a tool for this purpose), or launch the new process as a background process with `wait=false`.
Terminal
Killed Process
Error
Terminal 59 not found
Terminal
Listed Processes
Terminal
Killed Process
Maintenant testons notre script de debug :
Terminal
$ node debug-request.mjs
üéØ Bingo ! J'ai trouv√© le probl√®me !
Le script de debug montre clairement que :
‚úÖ create_memory fonctionne et cr√©e une m√©moire avec l'ID a3548222-7e6d-43c1-b221-5dc231cc3762
‚úÖ delete_memory retourne status: "deleted"
‚ùå MAIS get_memory apr√®s suppression retourne encore la m√©moire avec status: "found" !
Le probl√®me est que la m√©moire n'est pas r√©ellement supprim√©e ! Regardons de plus pr√®s la commande DeleteMemoryCommand. Je soup√ßonne que le probl√®me est dans la m√©thode doExecute() qui stocke la m√©moire pour l'undo avant de la supprimer, mais peut-√™tre que la suppression ne fonctionne pas.
Laissez-moi v√©rifier si le probl√®me est dans la commande ou dans le service :
Read lines 229-242
mcp-command.ts
memoryV2/task-001-mcp-server/src/patterns/command
Le code de la commande DeleteMemoryCommand semble correct. Le probl√®me pourrait √™tre plus subtil. Je soup√ßonne que le probl√®me est que la commande stocke une r√©f√©rence √† l'objet m√©moire (ligne 233) et non une copie. Quand elle appelle deleteMemory, l'objet est supprim√© de la Map, mais la r√©f√©rence dans this.deletedMemory pointe toujours vers le m√™me objet.
Mais attendez... regardons de plus pr√®s le service getMemory. Il y a peut-√™tre un cache ou quelque chose qui maintient la m√©moire en vie.
Laissez-moi v√©rifier les logs pour voir si la suppression est r√©ellement appel√©e :
Read lines 1-50
test-2025-05-27.log
memoryV2/task-001-mcp-server/logs
Ces logs sont anciens et ne montrent pas les logs r√©cents de notre script de debug. Je vais chercher un fichier de log plus r√©cent ou cr√©er un test plus simple pour comprendre le probl√®me.
Le probl√®me que j'ai identifi√© est que la m√©moire n'est pas r√©ellement supprim√©e. Laissez-moi examiner de plus pr√®s le probl√®me. Je soup√ßonne que le probl√®me est dans la fa√ßon dont la commande DeleteMemoryCommand stocke la r√©f√©rence √† la m√©moire.
Regardons le probl√®me : √† la ligne 233, la commande fait :
this.deletedMemory = await this.context.memoryService.getMemory(params.memory_id)
Cela stocke une r√©f√©rence √† l'objet m√©moire. Puis √† la ligne 235 :
await this.context.memoryService.deleteMemory(params.memory_id)
Cela supprime la m√©moire de la Map. Mais le probl√®me est que this.deletedMemory pointe toujours vers le m√™me objet en m√©moire !
Quand getMemory est appel√© plus tard, il ne trouve pas la m√©moire dans la Map, mais il se peut qu'il y ait un cache ou une autre r√©f√©rence quelque part.
Laissez-moi corriger cela en cr√©ant une copie profonde de l'objet m√©moire avant de le supprimer :
Edited file
mcp-command.ts
memoryV2/task-001-mcp-server/src/patterns/command
Maintenant, reconstruisons et testons :
Terminal
$ npm run build
Error
Cannot launch another waiting process while another waiting process is running. The id of the existing waiting process is 61.
Please wait until this process is complete (you can use a tool for this purpose), or launch the new process as a background process with `wait=false`.
Terminal
Read from Process
Le probl√®me persiste ! La m√©moire est toujours trouv√©e apr√®s suppression. Cela signifie que le probl√®me n'est pas dans la commande DeleteMemoryCommand, mais plut√¥t dans le service MemoryService lui-m√™me.
Attendez... Je viens de r√©aliser quelque chose d'important ! Le script de debug utilise la m√™me instance de serveur pour toutes les requ√™tes. Cela signifie que la m√©moire cr√©√©e dans la premi√®re requ√™te est stock√©e dans la m√™me instance de MemoryService que celle utilis√©e pour les requ√™tes suivantes.
Mais le probl√®me est que nous utilisons la m√™me instance de serveur, donc la m√©moire devrait √™tre supprim√©e. Laissez-moi v√©rifier si le probl√®me est que la m√©thode deleteMemory ne fonctionne pas correctement.
Je vais ajouter des logs de debug pour voir ce qui se passe :
Edited file
debug-request.mjs
memoryV2/task-001-mcp-server
Terminal
Killed Process
Maintenant, reconstruisons et testons avec le nouveau script de debug :
Terminal
$ npm run build
Terminal
$ node debug-request.mjs
üéØ EUREKA ! J'ai trouv√© le probl√®me !
Regardez attentivement les r√©sultats :
‚úÖ La m√©moire est cr√©√©e avec l'ID 434f18db-b970-4bd2-9b40-db80e22cb49d
‚úÖ La suppression retourne status: "deleted"
‚úÖ Le compteur de m√©moires est 0 apr√®s suppression (la m√©moire est bien supprim√©e !)
‚ùå MAIS get_memory retourne encore la m√©moire avec status: "found"
Cela signifie que la m√©moire est bien supprim√©e du service, mais la commande GetMemoryCommand retourne encore l'objet !
Le probl√®me est que la commande DeleteMemoryCommand stocke une copie de la m√©moire dans this.deletedMemory, et quelque part cette copie est retourn√©e au lieu de null.
Attendez... Je pense que j'ai trouv√© le vrai probl√®me ! Regardons de plus pr√®s la commande GetMemoryCommand. Le probl√®me pourrait √™tre que la commande GetMemoryCommand utilise la m√™me instance de contexte que DeleteMemoryCommand, et il y a peut-√™tre une r√©f√©rence partag√©e quelque part.
Mais d'abord, laissez-moi v√©rifier si le probl√®me est dans la m√©thode getMemory du service. Ajoutons plus de debug :
Edited file
memory-service.ts
memoryV2/task-001-mcp-server/src/services
Error
Failed to edit the file memoryV2/task-001-mcp-server/src/services/memory-service.ts. See below for details.
Result for str_replace for entry with index [0]:
No replacement was performed, oldStr did not appear verbatim in memoryV2/task-001-mcp-server/src/services/memory-service.ts.
The content in the specified region is:
   111	        memory = this.memories.get(memoryId) || null
   112	
   113	        if (memory) {
   114	          // Cache the memory for future requests
   115	          memoryCache.set(cacheKey, memory)
   116	        }
   117	      }
   118	
   119	      if (memory) {
   120	        // Update access tracking
   121	        memory.accessed = new Date()
   122	        memory.accessCount++
   123	        this.accessCounts.set(memoryId, memory.accessCount)
   124	
   125	        logInfo('Memory retrieved', { memoryId, accessCount: memory.accessCount, fromCache })
   126	
   127	        // Emit memory accessed event
   128	        eventSystem.emitSync(MCPEventType.MEMORY_ACCESSED, {
   129	          memoryId,
   130	          accessCount: memory.accessCount,
   131	          fromCache
   132	        }, 'memory-service')
   133	      }
   134	
   135	      const duration = Date.now() - start
   136	      logPerformance('getMemory', duration, { memoryId, found: !!memory, fromCache })
   137	
   138	      return memory || null
   139	    } catch (error) {
   140	      const duration = Date.now() - start
   141	      logError('Failed to get memory', error as Error, { memoryId, duration })
   142	      throw error
   143	    }
   144	  }
   145	
   146	  /**
   147	   * Update a memory
   148	   */

Diff between oldStr and the specified region is:
===================================================================
--- oldStr
+++ regionContent
@@ -1,9 +1,7 @@
-  async getMemory(memoryId: string): Promise<Memory | null> {
-    const start = Date.now()
+          memoryCache.set(cacheKey, memory)
+        }
+      }
 
-    try {
-      const memory = this.memories.get(memoryId)
-
       if (memory) {
         // Update access tracking
         memory.accessed = new Date()


Fix failed str_replace entries accordingly and try again.
Je vois ! Il y a un cache ! C'est √ßa le probl√®me ! Regardons la m√©thode getMemory compl√®te :
Read lines 100-150
memory-service.ts
memoryV2/task-001-mcp-server/src/services
üéØ BINGO ! J'ai trouv√© le probl√®me !
Le probl√®me est dans la m√©thode deleteMemory (lignes 193-214). Elle supprime la m√©moire de this.memories et this.accessCounts, MAIS elle ne supprime pas la m√©moire du cache !
Regardez la m√©thode getMemory :
Ligne 106 : Elle v√©rifie d'abord le cache memoryCache.get(cacheKey)
Si la m√©moire est dans le cache, elle la retourne directement (ligne 106-107)
Elle ne va jamais v√©rifier this.memories !
Quand deleteMemory est appel√©e, elle supprime la m√©moire de this.memories mais laisse la m√©moire dans le cache. Donc quand getMemory est appel√©e ensuite, elle trouve la m√©moire dans le cache et la retourne !
Corrigeons cela en supprimant aussi la m√©moire du cache :
Edited file
memory-service.ts
memoryV2/task-001-mcp-server/src/services
Maintenant, reconstruisons et testons :
Terminal
$ npm run build
Error
Cannot launch another waiting process while another waiting process is running. The id of the existing waiting process is 64.
Please wait until this process is complete (you can use a tool for this purpose), or launch the new process as a background process with `wait=false`.
Terminal
Killed Process
Terminal
$ npm run build
Would you like me to keep going?
15:43
yes

Augment
Terminal
$ node debug-request.mjs
üéâ PARFAIT ! Le probl√®me est r√©solu !
Regardez les r√©sultats maintenant :
‚úÖ La m√©moire est cr√©√©e avec l'ID 53bb557e-930a-4d56-b6f2-8e8fb9322c1a
‚úÖ La suppression retourne status: "deleted"
‚úÖ Le compteur de m√©moires est 0 apr√®s suppression
‚úÖ get_memory retourne maintenant "memory": null, "status": "not_found" üéØ
Le probl√®me √©tait effectivement dans le cache ! La m√©thode deleteMemory supprimait la m√©moire de la Map principale mais oubliait de la supprimer du cache. Maintenant que nous supprimons aussi la m√©moire du cache, tout fonctionne correctement.
Maintenant, relan√ßons les tests d'int√©gration pour voir s'ils passent tous :
Terminal
$ npm run test:integration
Error
Cannot launch another waiting process while another waiting process is running. The id of the existing waiting process is 67.
Please wait until this process is complete (you can use a tool for this purpose), or launch the new process as a background process with `wait=false`.
Terminal
Killed Process
Terminal
$ npm run test:integration
üéâ VICTOIRE TOTALE !
Tous les tests d'int√©gration passent maintenant !
‚úÖ 7 tests pass√©s sur 7
‚úÖ 0 test √©chou√©
‚úÖ Tous les sc√©narios fonctionnent :
MCP Protocol Compliance
Memory Operations Flow (y compris update et delete)
Statistics and Monitoring
üìã R√©sum√© de la r√©solution du probl√®me
üîç Probl√®me identifi√©
Les tests d'int√©gration √©chouaient parce que la commande delete_memory ne supprimait pas correctement les m√©moires. Le test s'attendait √† recevoir status: "not_found" apr√®s suppression, mais recevait status: "found".
üéØ Cause racine
Le probl√®me √©tait dans le syst√®me de cache du MemoryService :
Cache non invalid√© : La m√©thode deleteMemory supprimait la m√©moire de la Map principale (this.memories) mais oubliait de la supprimer du cache (memoryCache)
R√©cup√©ration depuis le cache : Quand getMemory √©tait appel√©e apr√®s suppression, elle trouvait la m√©moire dans le cache et la retournait, ignorant le fait qu'elle avait √©t√© supprim√©e de la Map principale
üõ†Ô∏è Solutions appliqu√©es
Correction de la validation MCP :
Ajout d'un sch√©ma de validation sp√©cifique pour tools/call
Correction du probl√®me de port invalide (-1) dans la configuration de test
Correction du cache :
Ajout de memoryCache.delete(cacheKey) dans la m√©thode deleteMemory
Assurance que la suppression invalide √† la fois la Map principale et le cache
Am√©lioration du pattern Command :
Cr√©ation d'une copie profonde de la m√©moire avant suppression pour l'undo
Meilleure gestion des r√©f√©rences d'objets
üéØ R√©sultat
‚úÖ Tous les tests d'int√©gration passent
‚úÖ Le pattern Command fonctionne correctement avec le serveur MCP
‚úÖ La suppression de m√©moires fonctionne comme attendu
‚úÖ Le syst√®me de cache est maintenant coh√©rent
Le serveur MCP est maintenant pleinement fonctionnel et pr√™t pour la production ! üöÄ